#disclaimer
  %s == "Use of CIRA's WHOIS service is governed by the Terms of Use in its Legal Notice, available at http://www.cira.ca/legal-notice/?lang=en (c) 2021 Canadian Internet Registration Authority, (http://www.cira.ca/)"


#domain
  %s == "u34jedzcq.ca"

#domain_id
  %s == nil


#status
  %s == :available

#available?
  %s == true

#registered?
  %s == false


#created_on
  %s == nil

#updated_on
  %s == nil

#expires_on
  %s == nil


#registrar
  %s == nil

#registrant_contacts
  %s %CLASS{array}
  %s == []

#admin_contacts
  %s %CLASS{array}
  %s == []

#technical_contacts
  %s %CLASS{array}
  %s == []


#nameservers
  %s %CLASS{array}
  %s == []
