#status
  %s == ["clientDeleteProhibited https://icann.org/epp#clientDeleteProhibited", "clientTransferProhibited https://icann.org/epp#clientTransferProhibited"]

#available?
  %s == false

#registered?
  %s == true
